nohup: ignoring input
01:29:50 InProgress commit":"none"} commit":"none"} commit":"none"} commit":"none"} commit":"none"} 
01:30:01 InProgress commit":"none"} commit":"none"} commit":"none"} commit":"none"} commit":"none"} 
01:30:13 InProgress commit":"none"} commit":"none"} commit":"none"} commit":"none"} commit":"none"} 
01:30:24 InProgress commit":"none"} commit":"none"} commit":"none"} commit":"none"} commit":"none"} 
01:30:35 InProgress commit":"none"} commit":"none"} commit":"none"} commit":"none"} commit":"none"} 
01:30:46 InProgress commit":"none"} commit":"none"} commit":"none"} commit":"none"} commit":"none"} 
01:30:57 InProgress commit":"none"} commit":"none"} commit":"none"} commit":"none"} commit":"none"} 
01:31:08 InProgress commit":"none"} commit":"none"} commit":"none"} commit":"none"} commit":"none"} 
01:31:19 InProgress commit":"none"} commit":"none"} commit":"none"} commit":"none"} commit":"none"} 
01:31:30 InProgress commit":"none"} commit":"none"} commit":"none"} commit":"none"} commit":"none"} 
01:31:41 InProgress commit":"none"} commit":"none"} commit":"none"} commit":"none"} commit":"none"} 
01:31:52 InProgress commit":"none"} commit":"none"} commit":"none"} commit":"none"} commit":"none"} 
01:32:03 InProgress commit":"none"} commit":"98d70f0" commit":"none"} commit":"none"} commit":"none"} 
01:32:14 InProgress commit":"none"} commit":"none"} commit":"none"} commit":"none"} commit":"none"} 
01:32:25 InProgress commit":"none"} commit":"none"} commit":"none"} commit":"98d70f0" commit":"none"} 
01:32:36 InProgress commit":"98d70f0" commit":"none"} commit":"none"} commit":"none"} commit":"none"} 
01:32:47 InProgress commit":"none"} commit":"none"} commit":"none"} commit":"none"} commit":"none"} 
01:32:58 InProgress commit":"none"} commit":"none"} commit":"none"} commit":"none"} commit":"none"} 
01:33:09 InProgress commit":"98d70f0" commit":"none"} commit":"none"} commit":"none"} commit":"98d70f0" 
01:33:20 InProgress commit":"none"} commit":"none"} commit":"none"} commit":"none"} commit":"none"} 
01:33:31 InProgress commit":"none"} commit":"none"} commit":"none"} commit":"none"} commit":"none"} 
01:33:42 InProgress commit":"none"} commit":"none"} commit":"none"} commit":"none"} commit":"none"} 
01:33:53 InProgress commit":"98d70f0" commit":"98d70f0" commit":"98d70f0" commit":"98d70f0" commit":"98d70f0" 
01:34:04 InProgress commit":"98d70f0" commit":"98d70f0" commit":"98d70f0" commit":"98d70f0" commit":"98d70f0" 
01:34:15 InProgress commit":"98d70f0" commit":"98d70f0" commit":"98d70f0" commit":"98d70f0" commit":"98d70f0" 
